Collecting PyQt6
  Using cached pyqt6-6.11.0-cp310-abi3-win_amd64.whl.metadata (2.2 kB)
Requirement already satisfied: opencv-python in C:\Users\PhanAnh\AppData\Local\Programs\Python\Python314\Lib\site-packages (5.0.0.93)
Requirement already satisfied: numpy in C:\Users\PhanAnh\AppData\Local\Programs\Python\Python314\Lib\site-packages (2.5.1)
Requirement already satisfied: scipy in C:\Users\PhanAnh\AppData\Local\Programs\Python\Python314\Lib\site-packages (1.18.0)
Collecting easyocr
  Downloading easyocr-1.7.2-py3-none-any.whl.metadata (10 kB)
Collecting PyQt6-sip<14,>=13.8 (from PyQt6)
  Downloading pyqt6_sip-13.12.0-cp314-cp314-win_amd64.whl.metadata (516 bytes)
Collecting PyQt6-Qt6<6.12.0,>=6.11.0 (from PyQt6)
  Downloading pyqt6_qt6-6.11.1-py3-none-win_amd64.whl.metadata (552 bytes)
Requirement already satisfied: torch in C:\Users\PhanAnh\AppData\Local\Programs\Python\Python314\Lib\site-packages (from easyocr) (2.13.0)
Collecting torchvision>=0.5 (from easyocr)
  Downloading torchvision-0.28.0-cp314-cp314-win_amd64.whl.metadata (5.6 kB)
Collecting opencv-python-headless (from easyocr)
  Downloading opencv_python_headless-5.0.0.93-cp37-abi3-win_amd64.whl.metadata (20 kB)
Requirement already satisfied: Pillow in C:\Users\PhanAnh\AppData\Local\Programs\Python\Python314\Lib\site-packages (from easyocr) (12.3.0)
Collecting scikit-image (from easyocr)
  Downloading scikit_image-0.26.0-cp314-cp314-win_amd64.whl.metadata (15 kB)
Collecting python-bidi (from easyocr)
  Downloading python_bidi-0.6.11-cp314-cp314-win_amd64.whl.metadata (5.4 kB)
Requirement already satisfied: PyYAML in C:\Users\PhanAnh\AppData\Local\Programs\Python\Python314\Lib\site-packages (from easyocr) (6.0.3)
Requirement already satisfied: Shapely in C:\Users\PhanAnh\AppData\Local\Programs\Python\Python314\Lib\site-packages (from easyocr) (2.1.2)
Requirement already satisfied: pyclipper in C:\Users\PhanAnh\AppData\Local\Programs\Python\Python314\Lib\site-packages (from easyocr) (1.4.0)
Collecting ninja (from easyocr)
  Downloading ninja-1.13.0-py3-none-win_amd64.whl.metadata (5.1 kB)
Requirement already satisfied: filelock in C:\Users\PhanAnh\AppData\Local\Programs\Python\Python314\Lib\site-packages (from torch->easyocr) (3.29.7)
Requirement already satisfied: typing-extensions>=4.10.0 in C:\Users\PhanAnh\AppData\Local\Programs\Python\Python314\Lib\site-packages (from torch->easyocr) (4.16.0)
Requirement already satisfied: setuptools>=77.0.3 in C:\Users\PhanAnh\AppData\Local\Programs\Python\Python314\Lib\site-packages (from torch->easyocr) (83.0.0)
Requirement already satisfied: sympy>=1.13.3 in C:\Users\PhanAnh\AppData\Local\Programs\Python\Python314\Lib\site-packages (from torch->easyocr) (1.14.0)
Requirement already satisfied: networkx>=2.5.1 in C:\Users\PhanAnh\AppData\Local\Programs\Python\Python314\Lib\site-packages (from torch->easyocr) (3.6.1)
Requirement already satisfied: jinja2 in C:\Users\PhanAnh\AppData\Local\Programs\Python\Python314\Lib\site-packages (from torch->easyocr) (3.1.6)
Requirement already satisfied: fsspec>=0.8.5 in C:\Users\PhanAnh\AppData\Local\Programs\Python\Python314\Lib\site-packages (from torch->easyocr) (2026.4.0)
Requirement already satisfied: mpmath<1.4,>=1.1.0 in C:\Users\PhanAnh\AppData\Local\Programs\Python\Python314\Lib\site-packages (from sympy>=1.13.3->torch->easyocr) (1.3.0)
Requirement already satisfied: MarkupSafe>=2.0 in C:\Users\PhanAnh\AppData\Local\Programs\Python\Python314\Lib\site-packages (from jinja2->torch->easyocr) (3.0.3)
Collecting imageio!=2.35.0,>=2.33 (from scikit-image->easyocr)
  Downloading imageio-2.37.4-py3-none-any.whl.metadata (9.6 kB)
Collecting tifffile>=2022.8.12 (from scikit-image->easyocr)
  Downloading tifffile-2026.7.31-py3-none-any.whl.metadata (33 kB)
Requirement already satisfied: packaging>=21 in C:\Users\PhanAnh\AppData\Local\Programs\Python\Python314\Lib\site-packages (from scikit-image->easyocr) (26.2)
Collecting lazy-loader>=0.4 (from scikit-image->easyocr)
  Downloading lazy_loader-0.5-py3-none-any.whl.metadata (5.9 kB)
Downloading pyqt6-6.11.0-cp310-abi3-win_amd64.whl (6.8 MB)
   ---------------------------------------- 6.8/6.8 MB 22.8 MB/s  0:00:00
Downloading pyqt6_qt6-6.11.1-py3-none-win_amd64.whl (78.4 MB)
   ---------------------------------------- 78.4/78.4 MB 13.8 MB/s  0:00:05
Downloading pyqt6_sip-13.12.0-cp314-cp314-win_amd64.whl (54 kB)
Downloading easyocr-1.7.2-py3-none-any.whl (2.9 MB)
   ---------------------------------------- 2.9/2.9 MB 32.9 MB/s  0:00:00
Downloading torchvision-0.28.0-cp314-cp314-win_amd64.whl (4.2 MB)
   ---------------------------------------- 4.2/4.2 MB 34.0 MB/s  0:00:00
Downloading ninja-1.13.0-py3-none-win_amd64.whl (309 kB)
Downloading opencv_python_headless-5.0.0.93-cp37-abi3-win_amd64.whl (43.8 MB)
   ---------------------------------------- 43.8/43.8 MB 35.8 MB/s  0:00:01
Downloading python_bidi-0.6.11-cp314-cp314-win_amd64.whl (161 kB)
Downloading scikit_image-0.26.0-cp314-cp314-win_amd64.whl (12.0 MB)
   ---------------------------------------- 12.0/12.0 MB 37.5 MB/s  0:00:00
Downloading imageio-2.37.4-py3-none-any.whl (318 kB)
Downloading lazy_loader-0.5-py3-none-any.whl (8.0 kB)
Downloading tifffile-2026.7.31-py3-none-any.whl (271 kB)
Installing collected packages: PyQt6-Qt6, tifffile, python-bidi, PyQt6-sip, opencv-python-headless, ninja, lazy-loader, imageio, scikit-image, PyQt6, torchvision, easyocr

Successfully installed PyQt6-6.11.0 PyQt6-Qt6-6.11.1 PyQt6-sip-13.12.0 easyocr-1.7.2 imageio-2.37.4 lazy-loader-0.5 ninja-1.13.0 opencv-python-headless-5.0.0.93 python-bidi-0.6.11 scikit-image-0.26.0 tifffile-2026.7.31 torchvision-0.28.0

[notice] A new release of pip is available: 26.1.2 -> 26.2.1
[notice] To update, run: python.exe -m pip install --upgrade pip
